2026-03-20 19:04:51,962 [INFO] twisted: Starting factory <vncdotool.client.VNCDoToolFactory object at 0x0000018EAD89D610>
2026-03-20 19:04:51,962 [DEBUG] asyncio: Using proactor: IocpProactor
2026-03-20 19:04:51,963 [INFO] twisted: Stopping factory <vncdotool.client.VNCDoToolFactory object at 0x0000018EAD89D610>
2026-03-20 19:04:52,267 [INFO] twisted: Starting factory <vncdotool.client.VNCDoToolFactory object at 0x0000018EF0736C10>
2026-03-20 19:04:52,267 [INFO] twisted: Stopping factory <vncdotool.client.VNCDoToolFactory object at 0x0000018EF0736C10>
2026-03-20 19:04:53,268 [INFO] twisted: Starting factory <vncdotool.client.VNCDoToolFactory object at 0x0000018EF18D1510>
2026-03-20 19:04:53,269 [INFO] twisted: Stopping factory <vncdotool.client.VNCDoToolFactory object at 0x0000018EF18D1510>
2026-03-20 19:04:53,574 [INFO] twisted: Starting factory <vncdotool.client.VNCDoToolFactory object at 0x0000018EF18D2750>
2026-03-20 19:04:53,575 [INFO] twisted: Stopping factory <vncdotool.client.VNCDoToolFactory object at 0x0000018EF18D2750>
2026-03-20 19:05:01,576 [INFO] twisted: Starting factory <vncdotool.client.VNCDoToolFactory object at 0x0000018EF18D2410>
2026-03-20 19:05:01,576 [INFO] twisted: Stopping factory <vncdotool.client.VNCDoToolFactory object at 0x0000018EF18D2410>
2026-03-20 19:05:01,878 [INFO] twisted: Starting factory <vncdotool.client.VNCDoToolFactory object at 0x0000018EF18D3F90>
2026-03-20 19:05:01,879 [INFO] twisted: Stopping factory <vncdotool.client.VNCDoToolFactory object at 0x0000018EF18D3F90>
2026-03-20 19:05:05,880 [INFO] twisted: Starting factory <vncdotool.client.VNCDoToolFactory object at 0x0000018EF18DCBD0>
2026-03-20 19:05:05,881 [INFO] twisted: Stopping factory <vncdotool.client.VNCDoToolFactory object at 0x0000018EF18DCBD0>
2026-03-20 19:05:06,183 [INFO] twisted: Starting factory <vncdotool.client.VNCDoToolFactory object at 0x0000018EF18DDA90>
2026-03-20 19:05:06,183 [INFO] twisted: Stopping factory <vncdotool.client.VNCDoToolFactory object at 0x0000018EF18DDA90>
2026-03-20 19:14:44,733 [INFO] twisted: Starting factory <vncdotool.client.VNCDoToolFactory object at 0x0000019A14A27D90>
2026-03-20 19:14:44,733 [DEBUG] asyncio: Using proactor: IocpProactor
2026-03-20 19:14:44,734 [INFO] twisted: Stopping factory <vncdotool.client.VNCDoToolFactory object at 0x0000019A14A27D90>
2026-03-20 19:14:54,740 [INFO] twisted: Starting factory <vncdotool.client.VNCDoToolFactory object at 0x0000019A14C5FBD0>
2026-03-20 19:14:54,742 [INFO] twisted: Stopping factory <vncdotool.client.VNCDoToolFactory object at 0x0000019A14C5FBD0>
2026-03-20 19:14:57,745 [INFO] twisted: Starting factory <vncdotool.client.VNCDoToolFactory object at 0x0000019A14C89250>
2026-03-20 19:14:57,747 [INFO] twisted: Stopping factory <vncdotool.client.VNCDoToolFactory object at 0x0000019A14C89250>
